// Vitest Snapshot v1, https://vitest.dev/guide/snapshot.html

exports[`serialize server to jsonschema > serialize entire service schema 1`] = `
{
  "handshakeSchema": {
    "properties": {
      "token": {
        "type": "string",
      },
    },
    "required": [
      "token",
    ],
    "type": "object",
  },
  "services": {
    "test": {
      "procedures": {
        "add": {
          "errors": {
            "anyOf": [
              {
                "properties": {
                  "code": {
                    "const": "UNCAUGHT_ERROR",
                    "type": "string",
                  },
                  "message": {
                    "type": "string",
                  },
                },
                "required": [
                  "code",
                  "message",
                ],
                "type": "object",
              },
              {
                "properties": {
                  "code": {
                    "const": "UNEXPECTED_DISCONNECT",
                    "type": "string",
                  },
                  "message": {
                    "type": "string",
                  },
                },
                "required": [
                  "code",
                  "message",
                ],
                "type": "object",
              },
              {
                "properties": {
                  "code": {
                    "const": "INVALID_REQUEST",
                    "type": "string",
                  },
                  "message": {
                    "type": "string",
                  },
                },
                "required": [
                  "code",
                  "message",
                ],
                "type": "object",
              },
              {
                "properties": {
                  "code": {
                    "const": "CANCEL",
                    "type": "string",
                  },
                  "message": {
                    "type": "string",
                  },
                },
                "required": [
                  "code",
                  "message",
                ],
                "type": "object",
              },
            ],
          },
          "init": {
            "properties": {
              "n": {
                "type": "number",
              },
            },
            "required": [
              "n",
            ],
            "type": "object",
          },
          "output": {
            "properties": {
              "result": {
                "type": "number",
              },
            },
            "required": [
              "result",
            ],
            "type": "object",
          },
          "type": "rpc",
        },
        "array": {
          "errors": {
            "anyOf": [
              {
                "properties": {
                  "code": {
                    "const": "UNCAUGHT_ERROR",
                    "type": "string",
                  },
                  "message": {
                    "type": "string",
                  },
                },
                "required": [
                  "code",
                  "message",
                ],
                "type": "object",
              },
              {
                "properties": {
                  "code": {
                    "const": "UNEXPECTED_DISCONNECT",
                    "type": "string",
                  },
                  "message": {
                    "type": "string",
                  },
                },
                "required": [
                  "code",
                  "message",
                ],
                "type": "object",
              },
              {
                "properties": {
                  "code": {
                    "const": "INVALID_REQUEST",
                    "type": "string",
                  },
                  "message": {
                    "type": "string",
                  },
                },
                "required": [
                  "code",
                  "message",
                ],
                "type": "object",
              },
              {
                "properties": {
                  "code": {
                    "const": "CANCEL",
                    "type": "string",
                  },
                  "message": {
                    "type": "string",
                  },
                },
                "required": [
                  "code",
                  "message",
                ],
                "type": "object",
              },
            ],
          },
          "init": {
            "properties": {
              "n": {
                "type": "number",
              },
            },
            "required": [
              "n",
            ],
            "type": "object",
          },
          "output": {
            "items": {
              "type": "number",
            },
            "type": "array",
          },
          "type": "rpc",
        },
        "arrayStream": {
          "errors": {
            "anyOf": [
              {
                "properties": {
                  "code": {
                    "const": "UNCAUGHT_ERROR",
                    "type": "string",
                  },
                  "message": {
                    "type": "string",
                  },
                },
                "required": [
                  "code",
                  "message",
                ],
                "type": "object",
              },
              {
                "properties": {
                  "code": {
                    "const": "UNEXPECTED_DISCONNECT",
                    "type": "string",
                  },
                  "message": {
                    "type": "string",
                  },
                },
                "required": [
                  "code",
                  "message",
                ],
                "type": "object",
              },
              {
                "properties": {
                  "code": {
                    "const": "INVALID_REQUEST",
                    "type": "string",
                  },
                  "message": {
                    "type": "string",
                  },
                },
                "required": [
                  "code",
                  "message",
                ],
                "type": "object",
              },
              {
                "properties": {
                  "code": {
                    "const": "CANCEL",
                    "type": "string",
                  },
                  "message": {
                    "type": "string",
                  },
                },
                "required": [
                  "code",
                  "message",
                ],
                "type": "object",
              },
            ],
          },
          "init": {
            "properties": {},
            "type": "object",
          },
          "input": {
            "properties": {
              "n": {
                "type": "number",
              },
            },
            "required": [
              "n",
            ],
            "type": "object",
          },
          "output": {
            "items": {
              "type": "number",
            },
            "type": "array",
          },
          "type": "stream",
        },
        "echo": {
          "errors": {
            "anyOf": [
              {
                "properties": {
                  "code": {
                    "const": "UNCAUGHT_ERROR",
                    "type": "string",
                  },
                  "message": {
                    "type": "string",
                  },
                },
                "required": [
                  "code",
                  "message",
                ],
                "type": "object",
              },
              {
                "properties": {
                  "code": {
                    "const": "UNEXPECTED_DISCONNECT",
                    "type": "string",
                  },
                  "message": {
                    "type": "string",
                  },
                },
                "required": [
                  "code",
                  "message",
                ],
                "type": "object",
              },
              {
                "properties": {
                  "code": {
                    "const": "INVALID_REQUEST",
                    "type": "string",
                  },
                  "message": {
                    "type": "string",
                  },
                },
                "required": [
                  "code",
                  "message",
                ],
                "type": "object",
              },
              {
                "properties": {
                  "code": {
                    "const": "CANCEL",
                    "type": "string",
                  },
                  "message": {
                    "type": "string",
                  },
                },
                "required": [
                  "code",
                  "message",
                ],
                "type": "object",
              },
            ],
          },
          "init": {
            "properties": {},
            "type": "object",
          },
          "input": {
            "properties": {
              "ignore": {
                "type": "boolean",
              },
              "msg": {
                "type": "string",
              },
            },
            "required": [
              "msg",
              "ignore",
            ],
            "type": "object",
          },
          "output": {
            "properties": {
              "response": {
                "type": "string",
              },
            },
            "required": [
              "response",
            ],
            "type": "object",
          },
          "type": "stream",
        },
        "echoUnion": {
          "description": "Echos back whatever we sent",
          "errors": {
            "anyOf": [
              {
                "properties": {
                  "code": {
                    "const": "UNCAUGHT_ERROR",
                    "type": "string",
                  },
                  "message": {
                    "type": "string",
                  },
                },
                "required": [
                  "code",
                  "message",
                ],
                "type": "object",
              },
              {
                "properties": {
                  "code": {
                    "const": "UNEXPECTED_DISCONNECT",
                    "type": "string",
                  },
                  "message": {
                    "type": "string",
                  },
                },
                "required": [
                  "code",
                  "message",
                ],
                "type": "object",
              },
              {
                "properties": {
                  "code": {
                    "const": "INVALID_REQUEST",
                    "type": "string",
                  },
                  "message": {
                    "type": "string",
                  },
                },
                "required": [
                  "code",
                  "message",
                ],
                "type": "object",
              },
              {
                "properties": {
                  "code": {
                    "const": "CANCEL",
                    "type": "string",
                  },
                  "message": {
                    "type": "string",
                  },
                },
                "required": [
                  "code",
                  "message",
                ],
                "type": "object",
              },
            ],
          },
          "init": {
            "anyOf": [
              {
                "description": "A",
                "properties": {
                  "a": {
                    "description": "A number",
                    "type": "number",
                  },
                },
                "required": [
                  "a",
                ],
                "type": "object",
              },
              {
                "description": "B",
                "properties": {
                  "b": {
                    "description": "A string",
                    "type": "string",
                  },
                },
                "required": [
                  "b",
                ],
                "type": "object",
              },
            ],
          },
          "output": {
            "anyOf": [
              {
                "description": "A",
                "properties": {
                  "a": {
                    "description": "A number",
                    "type": "number",
                  },
                },
                "required": [
                  "a",
                ],
                "type": "object",
              },
              {
                "description": "B",
                "properties": {
                  "b": {
                    "description": "A string",
                    "type": "string",
                  },
                },
                "required": [
                  "b",
                ],
                "type": "object",
              },
            ],
          },
          "type": "rpc",
        },
        "echoWithPrefix": {
          "errors": {
            "anyOf": [
              {
                "properties": {
                  "code": {
                    "const": "UNCAUGHT_ERROR",
                    "type": "string",
                  },
                  "message": {
                    "type": "string",
                  },
                },
                "required": [
                  "code",
                  "message",
                ],
                "type": "object",
              },
              {
                "properties": {
                  "code": {
                    "const": "UNEXPECTED_DISCONNECT",
                    "type": "string",
                  },
                  "message": {
                    "type": "string",
                  },
                },
                "required": [
                  "code",
                  "message",
                ],
                "type": "object",
              },
              {
                "properties": {
                  "code": {
                    "const": "INVALID_REQUEST",
                    "type": "string",
                  },
                  "message": {
                    "type": "string",
                  },
                },
                "required": [
                  "code",
                  "message",
                ],
                "type": "object",
              },
              {
                "properties": {
                  "code": {
                    "const": "CANCEL",
                    "type": "string",
                  },
                  "message": {
                    "type": "string",
                  },
                },
                "required": [
                  "code",
                  "message",
                ],
                "type": "object",
              },
            ],
          },
          "init": {
            "properties": {
              "prefix": {
                "type": "string",
              },
            },
            "required": [
              "prefix",
            ],
            "type": "object",
          },
          "input": {
            "properties": {
              "ignore": {
                "type": "boolean",
              },
              "msg": {
                "type": "string",
              },
            },
            "required": [
              "msg",
              "ignore",
            ],
            "type": "object",
          },
          "output": {
            "properties": {
              "response": {
                "type": "string",
              },
            },
            "required": [
              "response",
            ],
            "type": "object",
          },
          "type": "stream",
        },
        "unimplementedSubscription": {
          "errors": {
            "anyOf": [
              {
                "properties": {
                  "code": {
                    "const": "UNCAUGHT_ERROR",
                    "type": "string",
                  },
                  "message": {
                    "type": "string",
                  },
                },
                "required": [
                  "code",
                  "message",
                ],
                "type": "object",
              },
              {
                "properties": {
                  "code": {
                    "const": "UNEXPECTED_DISCONNECT",
                    "type": "string",
                  },
                  "message": {
                    "type": "string",
                  },
                },
                "required": [
                  "code",
                  "message",
                ],
                "type": "object",
              },
              {
                "properties": {
                  "code": {
                    "const": "INVALID_REQUEST",
                    "type": "string",
                  },
                  "message": {
                    "type": "string",
                  },
                },
                "required": [
                  "code",
                  "message",
                ],
                "type": "object",
              },
              {
                "properties": {
                  "code": {
                    "const": "CANCEL",
                    "type": "string",
                  },
                  "message": {
                    "type": "string",
                  },
                },
                "required": [
                  "code",
                  "message",
                ],
                "type": "object",
              },
            ],
          },
          "init": {
            "properties": {},
            "type": "object",
          },
          "output": {
            "properties": {},
            "type": "object",
          },
          "type": "subscription",
        },
        "unimplementedUpload": {
          "errors": {
            "anyOf": [
              {
                "properties": {
                  "code": {
                    "const": "UNCAUGHT_ERROR",
                    "type": "string",
                  },
                  "message": {
                    "type": "string",
                  },
                },
                "required": [
                  "code",
                  "message",
                ],
                "type": "object",
              },
              {
                "properties": {
                  "code": {
                    "const": "UNEXPECTED_DISCONNECT",
                    "type": "string",
                  },
                  "message": {
                    "type": "string",
                  },
                },
                "required": [
                  "code",
                  "message",
                ],
                "type": "object",
              },
              {
                "properties": {
                  "code": {
                    "const": "INVALID_REQUEST",
                    "type": "string",
                  },
                  "message": {
                    "type": "string",
                  },
                },
                "required": [
                  "code",
                  "message",
                ],
                "type": "object",
              },
              {
                "properties": {
                  "code": {
                    "const": "CANCEL",
                    "type": "string",
                  },
                  "message": {
                    "type": "string",
                  },
                },
                "required": [
                  "code",
                  "message",
                ],
                "type": "object",
              },
            ],
          },
          "init": {
            "properties": {},
            "type": "object",
          },
          "input": {
            "properties": {},
            "type": "object",
          },
          "output": {
            "properties": {},
            "type": "object",
          },
          "type": "upload",
        },
      },
    },
  },
}
`;

exports[`serialize service to jsonschema > serialize backwards compatible with v1 1`] = `
{
  "procedures": {
    "add": {
      "errors": {
        "anyOf": [
          {
            "properties": {
              "code": {
                "const": "UNCAUGHT_ERROR",
                "type": "string",
              },
              "message": {
                "type": "string",
              },
            },
            "required": [
              "code",
              "message",
            ],
            "type": "object",
          },
          {
            "properties": {
              "code": {
                "const": "UNEXPECTED_DISCONNECT",
                "type": "string",
              },
              "message": {
                "type": "string",
              },
            },
            "required": [
              "code",
              "message",
            ],
            "type": "object",
          },
          {
            "properties": {
              "code": {
                "const": "INVALID_REQUEST",
                "type": "string",
              },
              "message": {
                "type": "string",
              },
            },
            "required": [
              "code",
              "message",
            ],
            "type": "object",
          },
          {
            "properties": {
              "code": {
                "const": "CANCEL",
                "type": "string",
              },
              "message": {
                "type": "string",
              },
            },
            "required": [
              "code",
              "message",
            ],
            "type": "object",
          },
        ],
      },
      "input": {
        "properties": {
          "n": {
            "type": "number",
          },
        },
        "required": [
          "n",
        ],
        "type": "object",
      },
      "output": {
        "properties": {
          "result": {
            "type": "number",
          },
        },
        "required": [
          "result",
        ],
        "type": "object",
      },
      "type": "rpc",
    },
    "array": {
      "errors": {
        "anyOf": [
          {
            "properties": {
              "code": {
                "const": "UNCAUGHT_ERROR",
                "type": "string",
              },
              "message": {
                "type": "string",
              },
            },
            "required": [
              "code",
              "message",
            ],
            "type": "object",
          },
          {
            "properties": {
              "code": {
                "const": "UNEXPECTED_DISCONNECT",
                "type": "string",
              },
              "message": {
                "type": "string",
              },
            },
            "required": [
              "code",
              "message",
            ],
            "type": "object",
          },
          {
            "properties": {
              "code": {
                "const": "INVALID_REQUEST",
                "type": "string",
              },
              "message": {
                "type": "string",
              },
            },
            "required": [
              "code",
              "message",
            ],
            "type": "object",
          },
          {
            "properties": {
              "code": {
                "const": "CANCEL",
                "type": "string",
              },
              "message": {
                "type": "string",
              },
            },
            "required": [
              "code",
              "message",
            ],
            "type": "object",
          },
        ],
      },
      "input": {
        "properties": {
          "n": {
            "type": "number",
          },
        },
        "required": [
          "n",
        ],
        "type": "object",
      },
      "output": {
        "items": {
          "type": "number",
        },
        "type": "array",
      },
      "type": "rpc",
    },
    "arrayStream": {
      "errors": {
        "anyOf": [
          {
            "properties": {
              "code": {
                "const": "UNCAUGHT_ERROR",
                "type": "string",
              },
              "message": {
                "type": "string",
              },
            },
            "required": [
              "code",
              "message",
            ],
            "type": "object",
          },
          {
            "properties": {
              "code": {
                "const": "UNEXPECTED_DISCONNECT",
                "type": "string",
              },
              "message": {
                "type": "string",
              },
            },
            "required": [
              "code",
              "message",
            ],
            "type": "object",
          },
          {
            "properties": {
              "code": {
                "const": "INVALID_REQUEST",
                "type": "string",
              },
              "message": {
                "type": "string",
              },
            },
            "required": [
              "code",
              "message",
            ],
            "type": "object",
          },
          {
            "properties": {
              "code": {
                "const": "CANCEL",
                "type": "string",
              },
              "message": {
                "type": "string",
              },
            },
            "required": [
              "code",
              "message",
            ],
            "type": "object",
          },
        ],
      },
      "init": {
        "properties": {},
        "type": "object",
      },
      "input": {
        "properties": {
          "n": {
            "type": "number",
          },
        },
        "required": [
          "n",
        ],
        "type": "object",
      },
      "output": {
        "items": {
          "type": "number",
        },
        "type": "array",
      },
      "type": "stream",
    },
    "echo": {
      "errors": {
        "anyOf": [
          {
            "properties": {
              "code": {
                "const": "UNCAUGHT_ERROR",
                "type": "string",
              },
              "message": {
                "type": "string",
              },
            },
            "required": [
              "code",
              "message",
            ],
            "type": "object",
          },
          {
            "properties": {
              "code": {
                "const": "UNEXPECTED_DISCONNECT",
                "type": "string",
              },
              "message": {
                "type": "string",
              },
            },
            "required": [
              "code",
              "message",
            ],
            "type": "object",
          },
          {
            "properties": {
              "code": {
                "const": "INVALID_REQUEST",
                "type": "string",
              },
              "message": {
                "type": "string",
              },
            },
            "required": [
              "code",
              "message",
            ],
            "type": "object",
          },
          {
            "properties": {
              "code": {
                "const": "CANCEL",
                "type": "string",
              },
              "message": {
                "type": "string",
              },
            },
            "required": [
              "code",
              "message",
            ],
            "type": "object",
          },
        ],
      },
      "init": {
        "properties": {},
        "type": "object",
      },
      "input": {
        "properties": {
          "ignore": {
            "type": "boolean",
          },
          "msg": {
            "type": "string",
          },
        },
        "required": [
          "msg",
          "ignore",
        ],
        "type": "object",
      },
      "output": {
        "properties": {
          "response": {
            "type": "string",
          },
        },
        "required": [
          "response",
        ],
        "type": "object",
      },
      "type": "stream",
    },
    "echoUnion": {
      "description": "Echos back whatever we sent",
      "errors": {
        "anyOf": [
          {
            "properties": {
              "code": {
                "const": "UNCAUGHT_ERROR",
                "type": "string",
              },
              "message": {
                "type": "string",
              },
            },
            "required": [
              "code",
              "message",
            ],
            "type": "object",
          },
          {
            "properties": {
              "code": {
                "const": "UNEXPECTED_DISCONNECT",
                "type": "string",
              },
              "message": {
                "type": "string",
              },
            },
            "required": [
              "code",
              "message",
            ],
            "type": "object",
          },
          {
            "properties": {
              "code": {
                "const": "INVALID_REQUEST",
                "type": "string",
              },
              "message": {
                "type": "string",
              },
            },
            "required": [
              "code",
              "message",
            ],
            "type": "object",
          },
          {
            "properties": {
              "code": {
                "const": "CANCEL",
                "type": "string",
              },
              "message": {
                "type": "string",
              },
            },
            "required": [
              "code",
              "message",
            ],
            "type": "object",
          },
        ],
      },
      "input": {
        "anyOf": [
          {
            "description": "A",
            "properties": {
              "a": {
                "description": "A number",
                "type": "number",
              },
            },
            "required": [
              "a",
            ],
            "type": "object",
          },
          {
            "description": "B",
            "properties": {
              "b": {
                "description": "A string",
                "type": "string",
              },
            },
            "required": [
              "b",
            ],
            "type": "object",
          },
        ],
      },
      "output": {
        "anyOf": [
          {
            "description": "A",
            "properties": {
              "a": {
                "description": "A number",
                "type": "number",
              },
            },
            "required": [
              "a",
            ],
            "type": "object",
          },
          {
            "description": "B",
            "properties": {
              "b": {
                "description": "A string",
                "type": "string",
              },
            },
            "required": [
              "b",
            ],
            "type": "object",
          },
        ],
      },
      "type": "rpc",
    },
    "echoWithPrefix": {
      "errors": {
        "anyOf": [
          {
            "properties": {
              "code": {
                "const": "UNCAUGHT_ERROR",
                "type": "string",
              },
              "message": {
                "type": "string",
              },
            },
            "required": [
              "code",
              "message",
            ],
            "type": "object",
          },
          {
            "properties": {
              "code": {
                "const": "UNEXPECTED_DISCONNECT",
                "type": "string",
              },
              "message": {
                "type": "string",
              },
            },
            "required": [
              "code",
              "message",
            ],
            "type": "object",
          },
          {
            "properties": {
              "code": {
                "const": "INVALID_REQUEST",
                "type": "string",
              },
              "message": {
                "type": "string",
              },
            },
            "required": [
              "code",
              "message",
            ],
            "type": "object",
          },
          {
            "properties": {
              "code": {
                "const": "CANCEL",
                "type": "string",
              },
              "message": {
                "type": "string",
              },
            },
            "required": [
              "code",
              "message",
            ],
            "type": "object",
          },
        ],
      },
      "init": {
        "properties": {
          "prefix": {
            "type": "string",
          },
        },
        "required": [
          "prefix",
        ],
        "type": "object",
      },
      "input": {
        "properties": {
          "ignore": {
            "type": "boolean",
          },
          "msg": {
            "type": "string",
          },
        },
        "required": [
          "msg",
          "ignore",
        ],
        "type": "object",
      },
      "output": {
        "properties": {
          "response": {
            "type": "string",
          },
        },
        "required": [
          "response",
        ],
        "type": "object",
      },
      "type": "stream",
    },
    "unimplementedSubscription": {
      "errors": {
        "anyOf": [
          {
            "properties": {
              "code": {
                "const": "UNCAUGHT_ERROR",
                "type": "string",
              },
              "message": {
                "type": "string",
              },
            },
            "required": [
              "code",
              "message",
            ],
            "type": "object",
          },
          {
            "properties": {
              "code": {
                "const": "UNEXPECTED_DISCONNECT",
                "type": "string",
              },
              "message": {
                "type": "string",
              },
            },
            "required": [
              "code",
              "message",
            ],
            "type": "object",
          },
          {
            "properties": {
              "code": {
                "const": "INVALID_REQUEST",
                "type": "string",
              },
              "message": {
                "type": "string",
              },
            },
            "required": [
              "code",
              "message",
            ],
            "type": "object",
          },
          {
            "properties": {
              "code": {
                "const": "CANCEL",
                "type": "string",
              },
              "message": {
                "type": "string",
              },
            },
            "required": [
              "code",
              "message",
            ],
            "type": "object",
          },
        ],
      },
      "input": {
        "properties": {},
        "type": "object",
      },
      "output": {
        "properties": {},
        "type": "object",
      },
      "type": "subscription",
    },
    "unimplementedUpload": {
      "errors": {
        "anyOf": [
          {
            "properties": {
              "code": {
                "const": "UNCAUGHT_ERROR",
                "type": "string",
              },
              "message": {
                "type": "string",
              },
            },
            "required": [
              "code",
              "message",
            ],
            "type": "object",
          },
          {
            "properties": {
              "code": {
                "const": "UNEXPECTED_DISCONNECT",
                "type": "string",
              },
              "message": {
                "type": "string",
              },
            },
            "required": [
              "code",
              "message",
            ],
            "type": "object",
          },
          {
            "properties": {
              "code": {
                "const": "INVALID_REQUEST",
                "type": "string",
              },
              "message": {
                "type": "string",
              },
            },
            "required": [
              "code",
              "message",
            ],
            "type": "object",
          },
          {
            "properties": {
              "code": {
                "const": "CANCEL",
                "type": "string",
              },
              "message": {
                "type": "string",
              },
            },
            "required": [
              "code",
              "message",
            ],
            "type": "object",
          },
        ],
      },
      "init": {
        "properties": {},
        "type": "object",
      },
      "input": {
        "properties": {},
        "type": "object",
      },
      "output": {
        "properties": {},
        "type": "object",
      },
      "type": "upload",
    },
  },
}
`;

exports[`serialize service to jsonschema > serialize basic service 1`] = `
{
  "procedures": {
    "add": {
      "errors": {
        "anyOf": [
          {
            "properties": {
              "code": {
                "const": "UNCAUGHT_ERROR",
                "type": "string",
              },
              "message": {
                "type": "string",
              },
            },
            "required": [
              "code",
              "message",
            ],
            "type": "object",
          },
          {
            "properties": {
              "code": {
                "const": "UNEXPECTED_DISCONNECT",
                "type": "string",
              },
              "message": {
                "type": "string",
              },
            },
            "required": [
              "code",
              "message",
            ],
            "type": "object",
          },
          {
            "properties": {
              "code": {
                "const": "INVALID_REQUEST",
                "type": "string",
              },
              "message": {
                "type": "string",
              },
            },
            "required": [
              "code",
              "message",
            ],
            "type": "object",
          },
          {
            "properties": {
              "code": {
                "const": "CANCEL",
                "type": "string",
              },
              "message": {
                "type": "string",
              },
            },
            "required": [
              "code",
              "message",
            ],
            "type": "object",
          },
        ],
      },
      "init": {
        "properties": {
          "n": {
            "type": "number",
          },
        },
        "required": [
          "n",
        ],
        "type": "object",
      },
      "output": {
        "properties": {
          "result": {
            "type": "number",
          },
        },
        "required": [
          "result",
        ],
        "type": "object",
      },
      "type": "rpc",
    },
    "array": {
      "errors": {
        "anyOf": [
          {
            "properties": {
              "code": {
                "const": "UNCAUGHT_ERROR",
                "type": "string",
              },
              "message": {
                "type": "string",
              },
            },
            "required": [
              "code",
              "message",
            ],
            "type": "object",
          },
          {
            "properties": {
              "code": {
                "const": "UNEXPECTED_DISCONNECT",
                "type": "string",
              },
              "message": {
                "type": "string",
              },
            },
            "required": [
              "code",
              "message",
            ],
            "type": "object",
          },
          {
            "properties": {
              "code": {
                "const": "INVALID_REQUEST",
                "type": "string",
              },
              "message": {
                "type": "string",
              },
            },
            "required": [
              "code",
              "message",
            ],
            "type": "object",
          },
          {
            "properties": {
              "code": {
                "const": "CANCEL",
                "type": "string",
              },
              "message": {
                "type": "string",
              },
            },
            "required": [
              "code",
              "message",
            ],
            "type": "object",
          },
        ],
      },
      "init": {
        "properties": {
          "n": {
            "type": "number",
          },
        },
        "required": [
          "n",
        ],
        "type": "object",
      },
      "output": {
        "items": {
          "type": "number",
        },
        "type": "array",
      },
      "type": "rpc",
    },
    "arrayStream": {
      "errors": {
        "anyOf": [
          {
            "properties": {
              "code": {
                "const": "UNCAUGHT_ERROR",
                "type": "string",
              },
              "message": {
                "type": "string",
              },
            },
            "required": [
              "code",
              "message",
            ],
            "type": "object",
          },
          {
            "properties": {
              "code": {
                "const": "UNEXPECTED_DISCONNECT",
                "type": "string",
              },
              "message": {
                "type": "string",
              },
            },
            "required": [
              "code",
              "message",
            ],
            "type": "object",
          },
          {
            "properties": {
              "code": {
                "const": "INVALID_REQUEST",
                "type": "string",
              },
              "message": {
                "type": "string",
              },
            },
            "required": [
              "code",
              "message",
            ],
            "type": "object",
          },
          {
            "properties": {
              "code": {
                "const": "CANCEL",
                "type": "string",
              },
              "message": {
                "type": "string",
              },
            },
            "required": [
              "code",
              "message",
            ],
            "type": "object",
          },
        ],
      },
      "init": {
        "properties": {},
        "type": "object",
      },
      "input": {
        "properties": {
          "n": {
            "type": "number",
          },
        },
        "required": [
          "n",
        ],
        "type": "object",
      },
      "output": {
        "items": {
          "type": "number",
        },
        "type": "array",
      },
      "type": "stream",
    },
    "echo": {
      "errors": {
        "anyOf": [
          {
            "properties": {
              "code": {
                "const": "UNCAUGHT_ERROR",
                "type": "string",
              },
              "message": {
                "type": "string",
              },
            },
            "required": [
              "code",
              "message",
            ],
            "type": "object",
          },
          {
            "properties": {
              "code": {
                "const": "UNEXPECTED_DISCONNECT",
                "type": "string",
              },
              "message": {
                "type": "string",
              },
            },
            "required": [
              "code",
              "message",
            ],
            "type": "object",
          },
          {
            "properties": {
              "code": {
                "const": "INVALID_REQUEST",
                "type": "string",
              },
              "message": {
                "type": "string",
              },
            },
            "required": [
              "code",
              "message",
            ],
            "type": "object",
          },
          {
            "properties": {
              "code": {
                "const": "CANCEL",
                "type": "string",
              },
              "message": {
                "type": "string",
              },
            },
            "required": [
              "code",
              "message",
            ],
            "type": "object",
          },
        ],
      },
      "init": {
        "properties": {},
        "type": "object",
      },
      "input": {
        "properties": {
          "ignore": {
            "type": "boolean",
          },
          "msg": {
            "type": "string",
          },
        },
        "required": [
          "msg",
          "ignore",
        ],
        "type": "object",
      },
      "output": {
        "properties": {
          "response": {
            "type": "string",
          },
        },
        "required": [
          "response",
        ],
        "type": "object",
      },
      "type": "stream",
    },
    "echoUnion": {
      "description": "Echos back whatever we sent",
      "errors": {
        "anyOf": [
          {
            "properties": {
              "code": {
                "const": "UNCAUGHT_ERROR",
                "type": "string",
              },
              "message": {
                "type": "string",
              },
            },
            "required": [
              "code",
              "message",
            ],
            "type": "object",
          },
          {
            "properties": {
              "code": {
                "const": "UNEXPECTED_DISCONNECT",
                "type": "string",
              },
              "message": {
                "type": "string",
              },
            },
            "required": [
              "code",
              "message",
            ],
            "type": "object",
          },
          {
            "properties": {
              "code": {
                "const": "INVALID_REQUEST",
                "type": "string",
              },
              "message": {
                "type": "string",
              },
            },
            "required": [
              "code",
              "message",
            ],
            "type": "object",
          },
          {
            "properties": {
              "code": {
                "const": "CANCEL",
                "type": "string",
              },
              "message": {
                "type": "string",
              },
            },
            "required": [
              "code",
              "message",
            ],
            "type": "object",
          },
        ],
      },
      "init": {
        "anyOf": [
          {
            "description": "A",
            "properties": {
              "a": {
                "description": "A number",
                "type": "number",
              },
            },
            "required": [
              "a",
            ],
            "type": "object",
          },
          {
            "description": "B",
            "properties": {
              "b": {
                "description": "A string",
                "type": "string",
              },
            },
            "required": [
              "b",
            ],
            "type": "object",
          },
        ],
      },
      "output": {
        "anyOf": [
          {
            "description": "A",
            "properties": {
              "a": {
                "description": "A number",
                "type": "number",
              },
            },
            "required": [
              "a",
            ],
            "type": "object",
          },
          {
            "description": "B",
            "properties": {
              "b": {
                "description": "A string",
                "type": "string",
              },
            },
            "required": [
              "b",
            ],
            "type": "object",
          },
        ],
      },
      "type": "rpc",
    },
    "echoWithPrefix": {
      "errors": {
        "anyOf": [
          {
            "properties": {
              "code": {
                "const": "UNCAUGHT_ERROR",
                "type": "string",
              },
              "message": {
                "type": "string",
              },
            },
            "required": [
              "code",
              "message",
            ],
            "type": "object",
          },
          {
            "properties": {
              "code": {
                "const": "UNEXPECTED_DISCONNECT",
                "type": "string",
              },
              "message": {
                "type": "string",
              },
            },
            "required": [
              "code",
              "message",
            ],
            "type": "object",
          },
          {
            "properties": {
              "code": {
                "const": "INVALID_REQUEST",
                "type": "string",
              },
              "message": {
                "type": "string",
              },
            },
            "required": [
              "code",
              "message",
            ],
            "type": "object",
          },
          {
            "properties": {
              "code": {
                "const": "CANCEL",
                "type": "string",
              },
              "message": {
                "type": "string",
              },
            },
            "required": [
              "code",
              "message",
            ],
            "type": "object",
          },
        ],
      },
      "init": {
        "properties": {
          "prefix": {
            "type": "string",
          },
        },
        "required": [
          "prefix",
        ],
        "type": "object",
      },
      "input": {
        "properties": {
          "ignore": {
            "type": "boolean",
          },
          "msg": {
            "type": "string",
          },
        },
        "required": [
          "msg",
          "ignore",
        ],
        "type": "object",
      },
      "output": {
        "properties": {
          "response": {
            "type": "string",
          },
        },
        "required": [
          "response",
        ],
        "type": "object",
      },
      "type": "stream",
    },
    "unimplementedSubscription": {
      "errors": {
        "anyOf": [
          {
            "properties": {
              "code": {
                "const": "UNCAUGHT_ERROR",
                "type": "string",
              },
              "message": {
                "type": "string",
              },
            },
            "required": [
              "code",
              "message",
            ],
            "type": "object",
          },
          {
            "properties": {
              "code": {
                "const": "UNEXPECTED_DISCONNECT",
                "type": "string",
              },
              "message": {
                "type": "string",
              },
            },
            "required": [
              "code",
              "message",
            ],
            "type": "object",
          },
          {
            "properties": {
              "code": {
                "const": "INVALID_REQUEST",
                "type": "string",
              },
              "message": {
                "type": "string",
              },
            },
            "required": [
              "code",
              "message",
            ],
            "type": "object",
          },
          {
            "properties": {
              "code": {
                "const": "CANCEL",
                "type": "string",
              },
              "message": {
                "type": "string",
              },
            },
            "required": [
              "code",
              "message",
            ],
            "type": "object",
          },
        ],
      },
      "init": {
        "properties": {},
        "type": "object",
      },
      "output": {
        "properties": {},
        "type": "object",
      },
      "type": "subscription",
    },
    "unimplementedUpload": {
      "errors": {
        "anyOf": [
          {
            "properties": {
              "code": {
                "const": "UNCAUGHT_ERROR",
                "type": "string",
              },
              "message": {
                "type": "string",
              },
            },
            "required": [
              "code",
              "message",
            ],
            "type": "object",
          },
          {
            "properties": {
              "code": {
                "const": "UNEXPECTED_DISCONNECT",
                "type": "string",
              },
              "message": {
                "type": "string",
              },
            },
            "required": [
              "code",
              "message",
            ],
            "type": "object",
          },
          {
            "properties": {
              "code": {
                "const": "INVALID_REQUEST",
                "type": "string",
              },
              "message": {
                "type": "string",
              },
            },
            "required": [
              "code",
              "message",
            ],
            "type": "object",
          },
          {
            "properties": {
              "code": {
                "const": "CANCEL",
                "type": "string",
              },
              "message": {
                "type": "string",
              },
            },
            "required": [
              "code",
              "message",
            ],
            "type": "object",
          },
        ],
      },
      "init": {
        "properties": {},
        "type": "object",
      },
      "input": {
        "properties": {},
        "type": "object",
      },
      "output": {
        "properties": {},
        "type": "object",
      },
      "type": "upload",
    },
  },
}
`;

exports[`serialize service to jsonschema > serialize service with binary 1`] = `
{
  "procedures": {
    "getFile": {
      "errors": {
        "anyOf": [
          {
            "properties": {
              "code": {
                "const": "UNCAUGHT_ERROR",
                "type": "string",
              },
              "message": {
                "type": "string",
              },
            },
            "required": [
              "code",
              "message",
            ],
            "type": "object",
          },
          {
            "properties": {
              "code": {
                "const": "UNEXPECTED_DISCONNECT",
                "type": "string",
              },
              "message": {
                "type": "string",
              },
            },
            "required": [
              "code",
              "message",
            ],
            "type": "object",
          },
          {
            "properties": {
              "code": {
                "const": "INVALID_REQUEST",
                "type": "string",
              },
              "message": {
                "type": "string",
              },
            },
            "required": [
              "code",
              "message",
            ],
            "type": "object",
          },
          {
            "properties": {
              "code": {
                "const": "CANCEL",
                "type": "string",
              },
              "message": {
                "type": "string",
              },
            },
            "required": [
              "code",
              "message",
            ],
            "type": "object",
          },
        ],
      },
      "init": {
        "properties": {
          "file": {
            "type": "string",
          },
        },
        "required": [
          "file",
        ],
        "type": "object",
      },
      "output": {
        "properties": {
          "contents": {
            "type": "Uint8Array",
          },
        },
        "required": [
          "contents",
        ],
        "type": "object",
      },
      "type": "rpc",
    },
  },
}
`;

exports[`serialize service to jsonschema > serialize service with errors 1`] = `
{
  "procedures": {
    "divide": {
      "errors": {
        "anyOf": [
          {
            "properties": {
              "code": {
                "const": "DIV_BY_ZERO",
                "type": "string",
              },
              "extras": {
                "properties": {
                  "test": {
                    "type": "string",
                  },
                },
                "required": [
                  "test",
                ],
                "type": "object",
              },
              "message": {
                "type": "string",
              },
            },
            "required": [
              "code",
              "message",
              "extras",
            ],
            "type": "object",
          },
          {
            "properties": {
              "code": {
                "const": "INFINITY",
                "type": "string",
              },
              "message": {
                "type": "string",
              },
            },
            "required": [
              "code",
              "message",
            ],
            "type": "object",
          },
          {
            "properties": {
              "code": {
                "const": "UNCAUGHT_ERROR",
                "type": "string",
              },
              "message": {
                "type": "string",
              },
            },
            "required": [
              "code",
              "message",
            ],
            "type": "object",
          },
          {
            "properties": {
              "code": {
                "const": "UNEXPECTED_DISCONNECT",
                "type": "string",
              },
              "message": {
                "type": "string",
              },
            },
            "required": [
              "code",
              "message",
            ],
            "type": "object",
          },
          {
            "properties": {
              "code": {
                "const": "INVALID_REQUEST",
                "type": "string",
              },
              "message": {
                "type": "string",
              },
            },
            "required": [
              "code",
              "message",
            ],
            "type": "object",
          },
          {
            "properties": {
              "code": {
                "const": "CANCEL",
                "type": "string",
              },
              "message": {
                "type": "string",
              },
            },
            "required": [
              "code",
              "message",
            ],
            "type": "object",
          },
        ],
      },
      "init": {
        "properties": {
          "a": {
            "type": "number",
          },
          "b": {
            "type": "number",
          },
        },
        "required": [
          "a",
          "b",
        ],
        "type": "object",
      },
      "output": {
        "properties": {
          "result": {
            "type": "number",
          },
        },
        "required": [
          "result",
        ],
        "type": "object",
      },
      "type": "rpc",
    },
    "echo": {
      "errors": {
        "anyOf": [
          {
            "properties": {
              "code": {
                "const": "STREAM_ERROR",
                "type": "string",
              },
              "message": {
                "type": "string",
              },
            },
            "required": [
              "code",
              "message",
            ],
            "type": "object",
          },
          {
            "properties": {
              "code": {
                "const": "UNCAUGHT_ERROR",
                "type": "string",
              },
              "message": {
                "type": "string",
              },
            },
            "required": [
              "code",
              "message",
            ],
            "type": "object",
          },
          {
            "properties": {
              "code": {
                "const": "UNEXPECTED_DISCONNECT",
                "type": "string",
              },
              "message": {
                "type": "string",
              },
            },
            "required": [
              "code",
              "message",
            ],
            "type": "object",
          },
          {
            "properties": {
              "code": {
                "const": "INVALID_REQUEST",
                "type": "string",
              },
              "message": {
                "type": "string",
              },
            },
            "required": [
              "code",
              "message",
            ],
            "type": "object",
          },
          {
            "properties": {
              "code": {
                "const": "CANCEL",
                "type": "string",
              },
              "message": {
                "type": "string",
              },
            },
            "required": [
              "code",
              "message",
            ],
            "type": "object",
          },
        ],
      },
      "init": {
        "properties": {},
        "type": "object",
      },
      "input": {
        "properties": {
          "msg": {
            "type": "string",
          },
          "throwError": {
            "type": "boolean",
          },
          "throwResult": {
            "type": "boolean",
          },
        },
        "required": [
          "msg",
          "throwResult",
          "throwError",
        ],
        "type": "object",
      },
      "output": {
        "properties": {
          "response": {
            "type": "string",
          },
        },
        "required": [
          "response",
        ],
        "type": "object",
      },
      "type": "stream",
    },
  },
}
`;
